============================= test session starts =============================
platform win32 -- Python 3.13.1, pytest-8.4.2, pluggy-1.6.0 -- E:\Projects\Python Projects\mapCrawler\.venv\Scripts\python.exe
cachedir: .pytest_cache
rootdir: E:\Projects\Python Projects\mapCrawler
configfile: pyproject.toml
plugins: base-url-2.1.0, playwright-0.7.2
collecting ... collected 0 items / 1 error

=================================== ERRORS ====================================
___________________ ERROR collecting tests/test_scraper.py ____________________
ImportError while importing test module 'E:\Projects\Python Projects\mapCrawler\tests\test_scraper.py'.
Hint: make sure your test modules/packages have valid Python names.
Traceback:
C:\Users\satis\.pyenv\pyenv-win\versions\3.13.1\Lib\importlib\__init__.py:88: in import_module
    return _bootstrap._gcd_import(name[level:], package, level)
           ^^^^^^^^^^^^^^^^^^^^^^^^^^^^^^^^^^^^^^^^^^^^^^^^^^^^
tests\test_scraper.py:1: in <module>
    from map_crawler.backend.scraper import GoogleMapsScraper, HTMLParser
src\map_crawler\__init__.py:3: in <module>
    from map_crawler.backend.scraper import GoogleMapsScraper, generate_lat_long_grid
E   ImportError: cannot import name 'generate_lat_long_grid' from 'map_crawler.backend.scraper' (E:\Projects\Python Projects\mapCrawler\src\map_crawler\backend\scraper.py)
=========================== short test summary info ===========================
ERROR tests/test_scraper.py
!!!!!!!!!!!!!!!!!!! Interrupted: 1 error during collection !!!!!!!!!!!!!!!!!!!!
============================== 1 error in 0.36s ===============================
